{
    "exclude": {
        "files": null,
        "lines": null
    },
    "generated_at": "2026-07-07T02:02:02Z",
    "plugins_used": [
        {
            "name": "AWSKeyDetector"
        },
        {
            "name": "ArtifactoryDetector"
        },
        {
            "name": "AzureStorageKeyDetector"
        },
        {
            "base64_limit": 4.5,
            "name": "Base64HighEntropyString"
        },
        {
            "name": "BasicAuthDetector"
        },
        {
            "name": "BoxDetector"
        },
        {
            "name": "CloudantDetector"
        },
        {
            "ghe_instance": "github.ibm.com",
            "name": "GheDetector"
        },
        {
            "name": "GitHubTokenDetector"
        },
        {
            "hex_limit": 3,
            "name": "HexHighEntropyString"
        },
        {
            "name": "IbmCloudIamDetector"
        },
        {
            "name": "IbmCosHmacDetector"
        },
        {
            "name": "JwtTokenDetector"
        },
        {
            "keyword_exclude": null,
            "name": "KeywordDetector"
        },
        {
            "name": "MailchimpDetector"
        },
        {
            "name": "NpmDetector"
        },
        {
            "name": "PrivateKeyDetector"
        },
        {
            "name": "SlackDetector"
        },
        {
            "name": "SoftlayerDetector"
        },
        {
            "name": "SquareOAuthDetector"
        },
        {
            "name": "StripeDetector"
        },
        {
            "name": "TwilioKeyDetector"
        }
    ],
    "results": {
        "README.md": [
            {
                "hashed_secret": "e1a27142056734bde4936395996e9a88e4493403",
                "is_verified": false,
                "line_number": 113,
                "type": "Secret Keyword",
                "verified_result": null,
                "is_secret": false
            }
        ],
        "docs/container.rst": [
            {
                "hashed_secret": "5ebe19ba427ad0cb4cbf8927ee4b41f79009ffe2",
                "is_verified": false,
                "line_number": 58,
                "type": "Secret Keyword",
                "verified_result": null,
                "is_secret": false
            }
        ],
        "docs/examples.rst": [
            {
                "hashed_secret": "3d6467d1a72db2cc1bbc34b5813b0a1db91c4f1c",
                "is_verified": false,
                "line_number": 89,
                "type": "Secret Keyword",
                "verified_result": null,
                "is_secret": false
            },
            {
                "hashed_secret": "8b142a91cfb6e617618ad437cedf74a6745f8926",
                "is_verified": false,
                "line_number": 208,
                "type": "Secret Keyword",
                "verified_result": null,
                "is_secret": false
            }
        ],
        "docs/federations.rst": [
            {
                "hashed_secret": "5ebe19ba427ad0cb4cbf8927ee4b41f79009ffe2",
                "is_verified": false,
                "line_number": 140,
                "type": "Secret Keyword",
                "verified_result": null,
                "is_secret": false
            }
        ],
        "docs/index.rst": [
            {
                "hashed_secret": "5a9bfa43ab2a32a762fae33cb620baac97d82e0d",
                "is_verified": false,
                "line_number": 223,
                "type": "Secret Keyword",
                "verified_result": null,
                "is_secret": false
            },
            {
                "hashed_secret": "5ebe19ba427ad0cb4cbf8927ee4b41f79009ffe2",
                "is_verified": false,
                "line_number": 224,
                "type": "Secret Keyword",
                "verified_result": null,
                "is_secret": false
            },
            {
                "hashed_secret": "833d65487b9f9d6bbc0c99dd0a00e31474655418",
                "is_verified": false,
                "line_number": 227,
                "type": "Secret Keyword",
                "verified_result": null,
                "is_secret": false
            },
            {
                "hashed_secret": "184854231c5276098ba5004ba82678347d92f618",
                "is_verified": false,
                "line_number": 242,
                "type": "Secret Keyword",
                "verified_result": null,
                "is_secret": false
            }
        ],
        "docs/schemas/access_control/api_protection.json": [
            {
                "hashed_secret": "f3bbbd66a63d4bf1747940578ec3d0103530e21d",
                "is_verified": false,
                "line_number": 456,
                "type": "Secret Keyword",
                "verified_result": null,
                "is_secret": false
            }
        ],
        "docs/schemas/access_control/authentication.json": [
            {
                "hashed_secret": "98ad1a69809fb22435fc500e55bb7aa78fc6545d",
                "is_verified": false,
                "line_number": 209,
                "type": "Secret Keyword",
                "verified_result": null,
                "is_secret": false
            },
            {
                "hashed_secret": "37f5685daf10221e2d3305dcabb87387bb3667a8",
                "is_verified": false,
                "line_number": 222,
                "type": "Secret Keyword",
                "verified_result": null,
                "is_secret": false
            }
        ],
        "docs/schemas/access_control/push_notification_provider.json": [
            {
                "hashed_secret": "d64d0d7b6490be26ffb65c42d6a2b20fa906cd17",
                "is_verified": false,
                "line_number": 80,
                "type": "Secret Keyword",
                "verified_result": null,
                "is_secret": false
            },
            {
                "hashed_secret": "b37d6221c0e7afaf7c17f840fa81a8558175eb71",
                "is_verified": false,
                "line_number": 90,
                "type": "Secret Keyword",
                "verified_result": null,
                "is_secret": false
            }
        ],
        "docs/schemas/access_control/server_connections.json": [
            {
                "hashed_secret": "1f5e25be9b575e9f5d39c82dfd1d9f4d73f1975c",
                "is_verified": false,
                "line_number": 539,
                "type": "Secret Keyword",
                "verified_result": null,
                "is_secret": false
            },
            {
                "hashed_secret": "9119445935947ed30806ef27f30ef3be6f3f6d10",
                "is_verified": false,
                "line_number": 550,
                "type": "Secret Keyword",
                "verified_result": null,
                "is_secret": false
            },
            {
                "hashed_secret": "d8d547b4602cc2bb09a85088b42a902d15a81f4a",
                "is_verified": false,
                "line_number": 550,
                "type": "Hex High Entropy String",
                "verified_result": null,
                "is_secret": false
            },
            {
                "hashed_secret": "8bf92e426f04e903b6be10895d705b41d78e2490",
                "is_verified": false,
                "line_number": 563,
                "type": "Secret Keyword",
                "verified_result": null,
                "is_secret": false
            },
            {
                "hashed_secret": "2ef7dbcf7f3ebaab559f628a89a8338d3a4133d6",
                "is_verified": false,
                "line_number": 576,
                "type": "Secret Keyword",
                "verified_result": null,
                "is_secret": false
            }
        ],
        "docs/schemas/appliance/cluster.json": [
            {
                "hashed_secret": "7cc91f76721b04ef6fd32a6ffa79da47ffa26fdf",
                "is_verified": false,
                "line_number": 190,
                "type": "Secret Keyword",
                "verified_result": null,
                "is_secret": false
            },
            {
                "hashed_secret": "e06b88d0ce6fbd42418eb67aa980cb70ca574286",
                "is_verified": false,
                "line_number": 200,
                "type": "Secret Keyword",
                "verified_result": null,
                "is_secret": false
            }
        ],
        "docs/schemas/base/account_management.json": [
            {
                "hashed_secret": "2ae868079d293e0a185c671c7bcdac51df36e385",
                "is_verified": false,
                "line_number": 72,
                "type": "Secret Keyword",
                "verified_result": null,
                "is_secret": false
            }
        ],
        "docs/schemas/base/lmi_certificate.json": [
            {
                "hashed_secret": "242bfc96fb5c56cad3b3367e0f112c033cb9ba87",
                "is_verified": false,
                "line_number": 24,
                "type": "Secret Keyword",
                "verified_result": null,
                "is_secret": false
            }
        ],
        "docs/schemas/base/management_authentication.json": [
            {
                "hashed_secret": "e4cfd1cf7066c321c6faaab386eb793a1e098565",
                "is_verified": false,
                "line_number": 179,
                "type": "Secret Keyword",
                "verified_result": null,
                "is_secret": false
            }
        ],
        "docs/schemas/base/ssl_certificates.json": [
            {
                "hashed_secret": "681a631d9faf5c1b418aaffc3ce599144565ccf0",
                "is_verified": false,
                "line_number": 111,
                "type": "Secret Keyword",
                "verified_result": null,
                "is_secret": false
            }
        ],
        "docs/schemas/container/cluster.json": [
            {
                "hashed_secret": "7c6a61c68ef8b9b6b061b28c348bc1ed7921cb53",
                "is_verified": false,
                "line_number": 211,
                "type": "Secret Keyword",
                "verified_result": null,
                "is_secret": false
            }
        ],
        "docs/schemas/webseal/pdadmin.json": [
            {
                "hashed_secret": "9fb7fe1217aed442b04c0f5e43b5d5a7d3287097",
                "is_verified": false,
                "line_number": 395,
                "type": "Secret Keyword",
                "verified_result": null,
                "is_secret": false
            },
            {
                "hashed_secret": "2cfe60cd1c9c86fd3bd053582893a2c0c0043b4a",
                "is_verified": false,
                "line_number": 400,
                "type": "Secret Keyword",
                "verified_result": null,
                "is_secret": false
            }
        ],
        "docs/schemas/webseal/reverse_proxy.json": [
            {
                "hashed_secret": "c5a2c56be2f3063184288d3eaa97ae540609c08b",
                "is_verified": false,
                "line_number": 649,
                "type": "Secret Keyword",
                "verified_result": null,
                "is_secret": false
            }
        ],
        "docs/schemas/webseal/runtime.json": [
            {
                "hashed_secret": "c227fff898281857a421f0f89bc3923641a4d881",
                "is_verified": false,
                "line_number": 175,
                "type": "Secret Keyword",
                "verified_result": null,
                "is_secret": false
            },
            {
                "hashed_secret": "315949d6b645686a07657a0fd00ceca0e6718dc7",
                "is_verified": false,
                "line_number": 181,
                "type": "Secret Keyword",
                "verified_result": null,
                "is_secret": false
            },
            {
                "hashed_secret": "085b13f3b78c2192e09bda0bbf635de5ccb9843c",
                "is_verified": false,
                "line_number": 208,
                "type": "Secret Keyword",
                "verified_result": null,
                "is_secret": false
            }
        ],
        "docs/webseal.rst": [
            {
                "hashed_secret": "5ebe19ba427ad0cb4cbf8927ee4b41f79009ffe2",
                "is_verified": false,
                "line_number": 67,
                "type": "Secret Keyword",
                "verified_result": null,
                "is_secret": false
            }
        ],
        "examples/appliance_first_steps.yaml": [
            {
                "hashed_secret": "184854231c5276098ba5004ba82678347d92f618",
                "is_verified": false,
                "line_number": 54,
                "type": "Secret Keyword",
                "verified_result": null,
                "is_secret": false
            }
        ],
        "examples/digital-credentials/dc_config/config.yaml": [
            {
                "hashed_secret": "fe5038f90cfd8509dd9d9e5292a034f009ed7f88",
                "is_verified": false,
                "line_number": 52,
                "type": "Secret Keyword",
                "verified_result": null,
                "is_secret": false
            }
        ],
        "examples/digital-credentials/digital_cred_demo.yaml": [
            {
                "hashed_secret": "dfe31d23aa0582eb34bd22c748c5ee6b5a8ac85e",
                "is_verified": false,
                "line_number": 41,
                "type": "Secret Keyword",
                "verified_result": null,
                "is_secret": false
            },
            {
                "hashed_secret": "7c6a61c68ef8b9b6b061b28c348bc1ed7921cb53",
                "is_verified": false,
                "line_number": 149,
                "type": "Secret Keyword",
                "verified_result": null,
                "is_secret": false
            }
        ],
        "examples/digital-credentials/op_config/provider.yml": [
            {
                "hashed_secret": "7c6a61c68ef8b9b6b061b28c348bc1ed7921cb53",
                "is_verified": false,
                "line_number": 92,
                "type": "Secret Keyword",
                "verified_result": null,
                "is_secret": false
            },
            {
                "hashed_secret": "e62c3472a62ab5665f41df2635c032e022095a8a",
                "is_verified": false,
                "line_number": 173,
                "type": "Secret Keyword",
                "verified_result": null,
                "is_secret": false
            }
        ],
        "examples/federation_demo/README.md": [
            {
                "hashed_secret": "7c6a61c68ef8b9b6b061b28c348bc1ed7921cb53",
                "is_verified": false,
                "line_number": 63,
                "type": "Secret Keyword",
                "verified_result": null,
                "is_secret": false
            },
            {
                "hashed_secret": "d033e22ae348aeb5660fc2140aec35850c4da997",
                "is_verified": false,
                "line_number": 65,
                "type": "Secret Keyword",
                "verified_result": null,
                "is_secret": false
            }
        ],
        "examples/federation_demo/fed.env.example": [
            {
                "hashed_secret": "7c6a61c68ef8b9b6b061b28c348bc1ed7921cb53",
                "is_verified": false,
                "line_number": 21,
                "type": "Secret Keyword",
                "verified_result": null,
                "is_secret": false
            },
            {
                "hashed_secret": "d033e22ae348aeb5660fc2140aec35850c4da997",
                "is_verified": false,
                "line_number": 23,
                "type": "Secret Keyword",
                "verified_result": null,
                "is_secret": false
            },
            {
                "hashed_secret": "c00a5086c149bece3ecc0987beae6320dc811132",
                "is_verified": false,
                "line_number": 28,
                "type": "Secret Keyword",
                "verified_result": null,
                "is_secret": false
            }
        ],
        "examples/federation_demo/federation_idp.yaml": [
            {
                "hashed_secret": "5ebe19ba427ad0cb4cbf8927ee4b41f79009ffe2",
                "is_verified": false,
                "line_number": 446,
                "type": "Secret Keyword",
                "verified_result": null,
                "is_secret": false
            },
            {
                "hashed_secret": "4c2b8f66135dd9b9f69d0c6a6f52c21dc711a17c",
                "is_verified": false,
                "line_number": 853,
                "type": "Base64 High Entropy String",
                "verified_result": null,
                "is_secret": false
            }
        ],
        "examples/federation_demo/federation_sp.yaml": [
            {
                "hashed_secret": "5ebe19ba427ad0cb4cbf8927ee4b41f79009ffe2",
                "is_verified": false,
                "line_number": 406,
                "type": "Secret Keyword",
                "verified_result": null,
                "is_secret": false
            }
        ],
        "examples/first_steps.yaml": [
            {
                "hashed_secret": "7c6a61c68ef8b9b6b061b28c348bc1ed7921cb53",
                "is_verified": false,
                "line_number": 62,
                "type": "Secret Keyword",
                "verified_result": null,
                "is_secret": false
            }
        ],
        "examples/instana_monitor.yaml": [
            {
                "hashed_secret": "184854231c5276098ba5004ba82678347d92f618",
                "is_verified": false,
                "line_number": 66,
                "type": "Secret Keyword",
                "verified_result": null,
                "is_secret": false
            }
        ],
        "examples/lmi_certificate_from_secret.yaml": [
            {
                "hashed_secret": "13a2faace2838daadd91a7f42834d1b021e4ba59",
                "is_verified": false,
                "line_number": 11,
                "type": "Secret Keyword",
                "verified_result": null,
                "is_secret": false
            },
            {
                "hashed_secret": "5a9bfa43ab2a32a762fae33cb620baac97d82e0d",
                "is_verified": false,
                "line_number": 19,
                "type": "Secret Keyword",
                "verified_result": null,
                "is_secret": false
            },
            {
                "hashed_secret": "5ebe19ba427ad0cb4cbf8927ee4b41f79009ffe2",
                "is_verified": false,
                "line_number": 20,
                "type": "Secret Keyword",
                "verified_result": null,
                "is_secret": false
            }
        ],
        "examples/mmfa_demo/README.md": [
            {
                "hashed_secret": "7c6a61c68ef8b9b6b061b28c348bc1ed7921cb53",
                "is_verified": false,
                "line_number": 80,
                "type": "Secret Keyword",
                "verified_result": null,
                "is_secret": false
            }
        ],
        "examples/mmfa_demo/mmfa.env.example": [
            {
                "hashed_secret": "7c6a61c68ef8b9b6b061b28c348bc1ed7921cb53",
                "is_verified": false,
                "line_number": 17,
                "type": "Secret Keyword",
                "verified_result": null,
                "is_secret": false
            }
        ],
        "examples/mmfa_demo/mmfa_config.yaml": [
            {
                "hashed_secret": "fb360f9c09ac8c5edb2f18be5de4e80ea4c430d0",
                "is_verified": false,
                "line_number": 388,
                "type": "Secret Keyword",
                "verified_result": null,
                "is_secret": false
            },
            {
                "hashed_secret": "5ebe19ba427ad0cb4cbf8927ee4b41f79009ffe2",
                "is_verified": false,
                "line_number": 708,
                "type": "Secret Keyword",
                "verified_result": null,
                "is_secret": false
            }
        ],
        "examples/mmfa_demo/mmfa_demo_deployment.yaml": [
            {
                "hashed_secret": "7c6a61c68ef8b9b6b061b28c348bc1ed7921cb53",
                "is_verified": false,
                "line_number": 55,
                "type": "Secret Keyword",
                "verified_result": null,
                "is_secret": false
            },
            {
                "hashed_secret": "162979fa325ae6e5c07b73a60015b8b928124562",
                "is_verified": false,
                "line_number": 63,
                "type": "Secret Keyword",
                "verified_result": null,
                "is_secret": false
            }
        ],
        "examples/snapshot_pipeline/base_image.yaml": [
            {
                "hashed_secret": "184854231c5276098ba5004ba82678347d92f618",
                "is_verified": false,
                "line_number": 38,
                "type": "Secret Keyword",
                "verified_result": null,
                "is_secret": false
            },
            {
                "hashed_secret": "7c6a61c68ef8b9b6b061b28c348bc1ed7921cb53",
                "is_verified": false,
                "line_number": 55,
                "type": "Secret Keyword",
                "verified_result": null,
                "is_secret": false
            }
        ],
        "examples/snapshot_pipeline/dev_env_image.yaml": [
            {
                "hashed_secret": "184854231c5276098ba5004ba82678347d92f618",
                "is_verified": false,
                "line_number": 46,
                "type": "Secret Keyword",
                "verified_result": null,
                "is_secret": false
            }
        ],
        "examples/snapshot_pipeline/dev_image.yaml": [
            {
                "hashed_secret": "184854231c5276098ba5004ba82678347d92f618",
                "is_verified": false,
                "line_number": 46,
                "type": "Secret Keyword",
                "verified_result": null,
                "is_secret": false
            }
        ],
        "examples/webseal_authsvc_login.yaml": [
            {
                "hashed_secret": "184854231c5276098ba5004ba82678347d92f618",
                "is_verified": false,
                "line_number": 56,
                "type": "Secret Keyword",
                "verified_result": null,
                "is_secret": false
            }
        ],
        "src/ibmvia_autoconf/access_control.py": [
            {
                "hashed_secret": "f3bbbd66a63d4bf1747940578ec3d0103530e21d",
                "is_verified": false,
                "line_number": 1454,
                "type": "Secret Keyword",
                "verified_result": null,
                "is_secret": false
            }
        ],
        "src/ibmvia_autoconf/appliance.py": [
            {
                "hashed_secret": "7cc91f76721b04ef6fd32a6ffa79da47ffa26fdf",
                "is_verified": false,
                "line_number": 352,
                "type": "Secret Keyword",
                "verified_result": null,
                "is_secret": false
            }
        ],
        "src/ibmvia_autoconf/configure.py": [
            {
                "hashed_secret": "681a631d9faf5c1b418aaffc3ce599144565ccf0",
                "is_verified": false,
                "line_number": 430,
                "type": "Secret Keyword",
                "verified_result": null,
                "is_secret": false
            },
            {
                "hashed_secret": "e4cfd1cf7066c321c6faaab386eb793a1e098565",
                "is_verified": false,
                "line_number": 818,
                "type": "Secret Keyword",
                "verified_result": null,
                "is_secret": false
            },
            {
                "hashed_secret": "7c6a61c68ef8b9b6b061b28c348bc1ed7921cb53",
                "is_verified": false,
                "line_number": 1145,
                "type": "Secret Keyword",
                "verified_result": null,
                "is_secret": false
            }
        ],
        "src/ibmvia_autoconf/container.py": [
            {
                "hashed_secret": "7c6a61c68ef8b9b6b061b28c348bc1ed7921cb53",
                "is_verified": false,
                "line_number": 44,
                "type": "Secret Keyword",
                "verified_result": null,
                "is_secret": false
            }
        ],
        "templates/config_template.yaml": [
            {
                "hashed_secret": "7c6a61c68ef8b9b6b061b28c348bc1ed7921cb53",
                "is_verified": false,
                "line_number": 2,
                "type": "Secret Keyword",
                "verified_result": null,
                "is_secret": false
            },
            {
                "hashed_secret": "d033e22ae348aeb5660fc2140aec35850c4da997",
                "is_verified": false,
                "line_number": 3,
                "type": "Secret Keyword",
                "verified_result": null,
                "is_secret": false
            },
            {
                "hashed_secret": "7cc91f76721b04ef6fd32a6ffa79da47ffa26fdf",
                "is_verified": false,
                "line_number": 17,
                "type": "Secret Keyword",
                "verified_result": null,
                "is_secret": false
            },
            {
                "hashed_secret": "7ce0359f12857f2a90c7de465f40a95f01cb5da9",
                "is_verified": false,
                "line_number": 179,
                "type": "Secret Keyword",
                "verified_result": null,
                "is_secret": false
            }
        ]
    },
    "version": "0.13.1+ibm.64.dss",
    "word_list": {
        "file": null,
        "hash": null
    }
}